Downloading https://services.gradle.org/distributions/gradle-8.2-bin.zip
............10%............20%............30%.............40%............50%............60%............70%.............80%............90%............100%

Welcome to Gradle 8.2!

Here are the highlights of this release:
 - Kotlin DSL: new reference documentation, assignment syntax by default
 - Kotlin DSL is now the default with Gradle init
 - Improved suggestions to resolve errors in console output

For more details see https://docs.gradle.org/8.2/release-notes.html

To honour the JVM settings for this build a single-use Daemon process will be forked. For more on this, please refer to https://docs.gradle.org/8.2/userguide/gradle_daemon.html#sec:disabling_the_daemon in the Gradle documentation.
Daemon will be stopped at the end of the build 

> Configure project :app
Checking the license for package NDK (Side by side) 26.3.11579264 in /usr/local/lib/android/sdk/licenses
License for package NDK (Side by side) 26.3.11579264 accepted.
Preparing "Install NDK (Side by side) 26.3.11579264 v.26.3.11579264".
"Install NDK (Side by side) 26.3.11579264 v.26.3.11579264" ready.
Installing NDK (Side by side) 26.3.11579264 in /usr/local/lib/android/sdk/ndk/26.3.11579264
"Install NDK (Side by side) 26.3.11579264 v.26.3.11579264" complete.
"Install NDK (Side by side) 26.3.11579264 v.26.3.11579264" finished.

> Task :app:preBuild UP-TO-DATE
> Task :app:preDebugBuild UP-TO-DATE
> Task :app:mergeDebugNativeDebugMetadata NO-SOURCE
> Task :app:checkKotlinGradlePluginConfigurationErrors
> Task :app:generateDebugBuildConfig
> Task :app:generateDebugResValues
> Task :app:checkDebugAarMetadata
> Task :app:mapDebugSourceSetPaths
> Task :app:generateDebugResources
> Task :app:packageDebugResources
> Task :app:mergeDebugResources
> Task :app:createDebugCompatibleScreenManifests
> Task :app:extractDeepLinksDebug
> Task :app:parseDebugLocalResources
> Task :app:processDebugMainManifest
> Task :app:processDebugManifest
> Task :app:javaPreCompileDebug
> Task :app:mergeDebugShaders
> Task :app:compileDebugShaders NO-SOURCE
> Task :app:generateDebugAssets UP-TO-DATE
> Task :app:processDebugManifestForPackage
> Task :app:mergeDebugAssets
> Task :app:desugarDebugFileDependencies
> Task :app:checkDebugDuplicateClasses

> Task :app:configureCMakeDebug[arm64-v8a]
Checking the license for package CMake 3.22.1 in /usr/local/lib/android/sdk/licenses
License for package CMake 3.22.1 accepted.
Preparing "Install CMake 3.22.1 v.3.22.1".
"Install CMake 3.22.1 v.3.22.1" ready.
Installing CMake 3.22.1 in /usr/local/lib/android/sdk/cmake/3.22.1
"Install CMake 3.22.1 v.3.22.1" complete.
"Install CMake 3.22.1 v.3.22.1" finished.
C/C++: CMAKE_BUILD_TYPE=Debug

> Task :app:compressDebugAssets
> Task :app:mergeExtDexDebug
> Task :app:mergeLibDexDebug
> Task :app:processDebugResources
> Task :app:buildCMakeDebug[arm64-v8a]
> Task :app:mergeDebugJniLibFolders FROM-CACHE
> Task :app:mergeDebugNativeLibs
> Task :app:validateSigningDebug
> Task :app:writeDebugAppMetadata
> Task :app:writeDebugSigningConfigVersions
> Task :app:stripDebugDebugSymbols
> Task :app:kspDebugKotlin

> Task :app:compileDebugKotlin
w: file:///home/runner/work/luo_os-v_0.1/luo_os-v_0.1/android/app/src/main/kotlin/luoos/ui/apps/BrowserScreen.kt:46:36 'ArrowBack: ImageVector' is deprecated. Use the AutoMirrored version at Icons.AutoMirrored.Filled.ArrowBack
w: file:///home/runner/work/luo_os-v_0.1/luo_os-v_0.1/android/app/src/main/kotlin/luoos/ui/apps/BrowserScreen.kt:49:36 'ArrowForward: ImageVector' is deprecated. Use the AutoMirrored version at Icons.AutoMirrored.Filled.ArrowForward
w: file:///home/runner/work/luo_os-v_0.1/luo_os-v_0.1/android/app/src/main/kotlin/luoos/ui/apps/CalendarScreen.kt:59:9 'Divider(Modifier = ..., Dp = ..., Color = ...): Unit' is deprecated. Renamed to HorizontalDivider
w: file:///home/runner/work/luo_os-v_0.1/luo_os-v_0.1/android/app/src/main/kotlin/luoos/ui/apps/CalendarScreen.kt:199:28 Parameter 'date' is never used
w: file:///home/runner/work/luo_os-v_0.1/luo_os-v_0.1/android/app/src/main/kotlin/luoos/ui/apps/FilesScreen.kt:49:40 'ArrowBack: ImageVector' is deprecated. Use the AutoMirrored version at Icons.AutoMirrored.Filled.ArrowBack
w: file:///home/runner/work/luo_os-v_0.1/luo_os-v_0.1/android/app/src/main/kotlin/luoos/ui/apps/HandTrackingScreen.kt:126:9 Variable 'context' is never used
w: file:///home/runner/work/luo_os-v_0.1/luo_os-v_0.1/android/app/src/main/kotlin/luoos/ui/apps/NotesScreen.kt:133:5 Parameter 'onBack' is never used
w: file:///home/runner/work/luo_os-v_0.1/luo_os-v_0.1/android/app/src/main/kotlin/luoos/ui/apps/NotesScreen.kt:146:36 'ArrowBack: ImageVector' is deprecated. Use the AutoMirrored version at Icons.AutoMirrored.Filled.ArrowBack
w: file:///home/runner/work/luo_os-v_0.1/luo_os-v_0.1/android/app/src/main/kotlin/luoos/ui/apps/PerceptionScreen.kt:105:9 Variable 'context' is never used
w: file:///home/runner/work/luo_os-v_0.1/luo_os-v_0.1/android/app/src/main/kotlin/luoos/ui/apps/TerminalScreen.kt:133:36 'Send: ImageVector' is deprecated. Use the AutoMirrored version at Icons.AutoMirrored.Filled.Send
w: file:///home/runner/work/luo_os-v_0.1/luo_os-v_0.1/android/app/src/main/kotlin/luoos/ui/desktop/LuoDesktopApps.kt:35:58 'Notes: ImageVector' is deprecated. Use the AutoMirrored version at Icons.AutoMirrored.Filled.Notes
w: file:///home/runner/work/luo_os-v_0.1/luo_os-v_0.1/android/app/src/main/kotlin/luoos/ui/shell/ShellScreen.kt:313:36 'Send: ImageVector' is deprecated. Use the AutoMirrored version at Icons.AutoMirrored.Filled.Send

> Task :app:compileDebugJavaWithJavac
> Task :app:dexBuilderDebug
> Task :app:mergeDebugGlobalSynthetics
> Task :app:processDebugJavaRes
> Task :app:mergeProjectDexDebug
> Task :app:mergeDebugJavaResource
> Task :app:packageDebug
> Task :app:createDebugApkListingFileRedirect
> Task :app:assembleDebug

BUILD SUCCESSFUL in 6m 28s
40 actionable tasks: 39 executed, 1 from cache
